interactions:
- request:
    body: null
    headers:
      Accept:
      - '*/*'
      Accept-Encoding:
      - gzip, deflate
      Connection:
      - keep-alive
      Content-Type:
      - application/json
      Host:
      - rds.ap-southeast-1.myhuaweicloud.com
      User-Agent:
      - huaweicloud-usdk-python/3.0
      X-Project-Id:
      - ap-southeat-1
      X-Sdk-Date:
      - 20250429T103923Z
    method: GET
    uri: https://rds.ap-southeast-1.myhuaweicloud.com/v3/ap-southeat-1/instances?limit=100&offset=0
  response:
    body:
      string: '{"instances": [{"id": "rds-instance-for-upgrade-immediate", "name":
        "rds-upgrade-now", "status": "ACTIVE", "port": 3306, "type": "Single", "region":
        "ap-southeast-1", "datastore": {"type": "MySQL", "version": "5.7"}, "created":
        "2023-04-15T08:00:00+0000", "updated": "2023-04-16T10:30:00+0000", "private_ips":
        ["192.168.4.10"], "public_ips": [], "vpc_id": "vpc-test-id", "subnet_id":
        "subnet-test-id", "security_group_id": "sg-test-id"}], "total_count": 1}'
    headers:
      Connection:
      - keep-alive
      Content-Type:
      - application/json
      Date:
      - Tue, 29 Apr 2025 10:39:23 GMT
      Server:
      - CloudWAF
      Set-Cookie:
      - HWWAFSESID=d728176b4b07d1c039; path=/
      - HWWAFSESTIME=1745923162438; path=/
      Strict-Transport-Security:
      - max-age=31536000; includeSubdomains;
      X-Content-Type-Options:
      - nosniff
      X-Download-Options:
      - noopen
      X-Frame-Options:
      - SAMEORIGIN
      X-Request-Id:
      - 2ce11c61d9cbb4c9a84a8615092d5cdd
      X-XSS-Protection:
      - 1; mode=block;
    status:
      code: 200
      message: success
- request:
    body: '{}'
    headers:
      Accept:
      - '*/*'
      Accept-Encoding:
      - gzip, deflate
      Connection:
      - keep-alive
      Content-Length:
      - '2'
      Content-Type:
      - application/json
      Host:
      - rds.ap-southeast-1.myhuaweicloud.com
      User-Agent:
      - huaweicloud-usdk-python/3.0
      X-Project-Id:
      - ap-southeat-1
      X-Sdk-Date:
      - 20250430T081259Z
    method: POST
    uri: https://rds.ap-southeast-1.myhuaweicloud.com/v3/ap-southeat-1/instances/rds-instance-for-upgrade-immediate/db-upgrade
  response:
    body:
      string: '{"job_id" : "e7a7535b-eb9b-45ac-a83a-020dc5016d94"}

        '
    headers:
      Connection:
      - keep-alive
      Content-Type:
      - application/json
      Date:
      - Wed, 30 Apr 2025 08:13:00 GMT
      Server:
      - CloudWAF
      Set-Cookie:
      - HWWAFSESID=b609c79684ce3264f5; path=/
      - HWWAFSESTIME=1746000779359; path=/
      Strict-Transport-Security:
      - max-age=31536000; includeSubdomains;
      Transfer-Encoding:
      - chunked
      X-Content-Type-Options:
      - nosniff
      X-Download-Options:
      - noopen
      X-Frame-Options:
      - SAMEORIGIN
      X-Request-Id:
      - 3fc26aed9de9552c3765d0da087380f4
      X-XSS-Protection:
      - 1; mode=block;
    status:
      code: 200
      message: success
- request:
    body: '{"delay": true}'
    headers:
      Accept:
      - '*/*'
      Accept-Encoding:
      - gzip, deflate
      Connection:
      - keep-alive
      Content-Length:
      - '15'
      Content-Type:
      - application/json
      Host:
      - rds.ap-southeast-1.myhuaweicloud.com
      User-Agent:
      - huaweicloud-usdk-python/3.0
      X-Project-Id:
      - ap-southeat-1
      X-Sdk-Date:
      - 20250506T052841Z
    method: POST
    uri: https://rds.ap-southeast-1.myhuaweicloud.com/v3/ap-southeat-1/instances/rds-instance-for-upgrade-immediate/db-upgrade
  response:
    body:
      string: '{"job_id" : "e7a7535b-eb9b-45ac-a83a-020dc5016d94"}

        '
    headers:
      Connection:
      - keep-alive
      Content-Type:
      - application/json
      Date:
      - Tue, 06 May 2025 05:28:41 GMT
      Server:
      - CloudWAF
      Set-Cookie:
      - HWWAFSESID=940d87308ee0a8a53d; path=/
      - HWWAFSESTIME=1746509321459; path=/
      Strict-Transport-Security:
      - max-age=31536000; includeSubdomains;
      Transfer-Encoding:
      - chunked
      X-Content-Type-Options:
      - nosniff
      X-Download-Options:
      - noopen
      X-Frame-Options:
      - SAMEORIGIN
      X-Request-Id:
      - 4179ec5b023eecee4f1b4e1461712fec
      X-XSS-Protection:
      - 1; mode=block;
    status:
      code: 200
      message: success
version: 1
